******************************************************************************
                  TI ARM Linker PC v20.2.7                     
******************************************************************************
>> Linked Thu Nov  2 13:01:55 2023

OUTPUT FILE NAME:   <Lab7.out>
ENTRY POINT SYMBOL: "_c_int00_noargs"  address: 000009dd


MEMORY CONFIGURATION

         name            origin    length      used     unused   attr    fill
----------------------  --------  ---------  --------  --------  ----  --------
  FLASH                 00000000   00040000  00000d12  0003f2ee  R  X
  SRAM                  20000000   00008000  00000204  00007dfc  RW X


SEGMENT ALLOCATION MAP

run origin  load origin   length   init length attrs members
----------  ----------- ---------- ----------- ----- -------
00000000    00000000    00000d14   00000d14    r-x
  00000000    00000000    0000026c   0000026c    r-- .intvecs
  0000026c    0000026c    00000926   00000926    r-x .text
  00000b94    00000b94    0000016c   0000016c    r-- .const
  00000d00    00000d00    00000014   00000014    r-- .cinit
20000000    20000000    00000204   00000000    rw-
  20000000    20000000    00000200   00000000    rw- .stack
  20000200    20000200    00000004   00000000    rw- .bss


SECTION ALLOCATION MAP

 output                                  attributes/
section   page    origin      length       input sections
--------  ----  ----------  ----------   ----------------
.intvecs   0    00000000    0000026c     
                  00000000    0000026c     tm4c123gh6pm_startup_ccs.obj (.intvecs)

.text      0    0000026c    00000926     
                  0000026c    00000230     main.obj (.text)
                  0000049c    00000132     driverlib.lib : gpio.obj (.text:GPIOPadConfigSet)
                  000005ce    00000002     --HOLE-- [fill = 0]
                  000005d0    00000110                   : sysctl.obj (.text:SysCtlClockGet)
                  000006e0    000000f4                   : sysctl.obj (.text:SysCtlClockSet)
                  000007d4    00000068                   : interrupt.obj (.text:IntEnable)
                  0000083c    00000060                   : timer.obj (.text:TimerConfigure)
                  0000089c    00000048                   : gpio.obj (.text:GPIOPinConfigure)
                  000008e4    00000046                   : uart.obj (.text:UARTConfigSetExpClk)
                  0000092a    00000002     --HOLE-- [fill = 0]
                  0000092c    00000044     rtsv7M4_T_le_v4SPD16_eabi.lib : autoinit.c.obj (.text:__TI_auto_init_nobinit_nopinit:__TI_auto_init_nobinit_nopinit)
                  00000970    00000038     driverlib.lib : sysctl.obj (.text:SysCtlPeripheralReady)
                  000009a8    00000034                   : sysctl.obj (.text:SysCtlPeripheralEnable)
                  000009dc    00000034     rtsv7M4_T_le_v4SPD16_eabi.lib : boot_cortex_m.c.obj (.text:_c_int00_noargs:_c_int00_noargs)
                  00000a10    0000002a     driverlib.lib : gpio.obj (.text:GPIODirModeSet)
                  00000a3a    00000002     --HOLE-- [fill = 0]
                  00000a3c    00000020                   : uart.obj (.text:UARTDisable)
                  00000a5c    0000001c     rtsv7M4_T_le_v4SPD16_eabi.lib : copy_zero_init.c.obj (.text:decompress:ZI:__TI_zero_init_nomemset:__TI_zero_init_nomemset)
                  00000a78    00000018     driverlib.lib : gpio.obj (.text:GPIOPinTypeGPIOOutput)
                  00000a90    00000014                   : systick.obj (.text:SysTickDisable)
                  00000aa4    00000014                   : systick.obj (.text:SysTickEnable)
                  00000ab8    00000014                   : uart.obj (.text:UARTEnable)
                  00000acc    00000012                   : gpio.obj (.text:GPIOPinTypeUART)
                  00000ade    00000012                   : timer.obj (.text:TimerLoadSet)
                  00000af0    00000010                   : interrupt.obj (.text:IntMasterEnable)
                  00000b00    00000010                   : systick.obj (.text:SysTickPeriodSet)
                  00000b10    0000000e                   : timer.obj (.text:TimerEnable)
                  00000b1e    0000000e                   : uart.obj (.text:UARTCharGetNonBlocking)
                  00000b2c    0000000e                   : uart.obj (.text:UARTCharPutNonBlocking)
                  00000b3a    0000000e                   : uart.obj (.text:UARTCharsAvail)
                  00000b48    0000000c                   : cpu.obj (.text:CPUcpsie)
                  00000b54    0000000c     tm4c123gh6pm_startup_ccs.obj (.text)
                  00000b60    00000008     driverlib.lib : timer.obj (.text:TimerIntEnable)
                  00000b68    00000008                   : uart.obj (.text:UARTIntEnable)
                  00000b70    00000006                   : gpio.obj (.text:GPIOPinRead)
                  00000b76    00000006                   : gpio.obj (.text:GPIOPinWrite)
                  00000b7c    00000006                   : sysctl.obj (.text:SysCtlDelay)
                  00000b82    00000004                   : timer.obj (.text:TimerIntClear)
                  00000b86    00000004                   : uart.obj (.text:UARTIntClear)
                  00000b8a    00000004     rtsv7M4_T_le_v4SPD16_eabi.lib : pre_init.c.obj (.text:_system_pre_init)
                  00000b8e    00000004                                   : exit.c.obj (.text:abort:abort)

.const     0    00000b94    0000016c     
                  00000b94    00000090     driverlib.lib : gpio.obj (.const:g_pui32GPIOBaseAddrs)
                  00000c24    00000070                   : interrupt.obj (.const)
                  00000c94    0000006c                   : sysctl.obj (.const:g_pui32Xtals)

.cinit     0    00000d00    00000014     
                  00000d00    00000008     (.cinit..bss.load) [load image, compression = zero_init]
                  00000d08    00000004     (__TI_handler_table)
                  00000d0c    00000008     (__TI_cinit_table)

.init_array 
*          0    00000000    00000000     UNINITIALIZED

.bss       0    20000200    00000004     UNINITIALIZED
                  20000200    00000004     (.common:i)

.stack     0    20000000    00000200     UNINITIALIZED
                  20000000    00000004     rtsv7M4_T_le_v4SPD16_eabi.lib : boot_cortex_m.c.obj (.stack)
                  20000004    000001fc     --HOLE--

__llvm_prf_cnts 
*          0    20000000    00000000     UNINITIALIZED

MODULE SUMMARY

       Module                         code   ro data   rw data
       ------                         ----   -------   -------
    .\
       tm4c123gh6pm_startup_ccs.obj   12     620       0      
       main.obj                       560    0         4      
    +--+------------------------------+------+---------+---------+
       Total:                         572    620       4      
                                                              
    C:/ti/TivaWare_C_Series-2.1.4.178/driverlib/ccs/Debug/driverlib.lib
       sysctl.obj                     630    108       0      
       gpio.obj                       474    144       0      
       interrupt.obj                  120    112       0      
       uart.obj                       176    0         0      
       timer.obj                      140    0         0      
       systick.obj                    56     0         0      
       cpu.obj                        12     0         0      
    +--+------------------------------+------+---------+---------+
       Total:                         1608   364       0      
                                                              
    C:\ti\ccs1250\ccs\tools\compiler\ti-cgt-arm_20.2.7.LTS\lib\rtsv7M4_T_le_v4SPD16_eabi.lib
       autoinit.c.obj                 68     0         0      
       boot_cortex_m.c.obj            52     0         0      
       copy_zero_init.c.obj           28     0         0      
       exit.c.obj                     4      0         0      
       pre_init.c.obj                 4      0         0      
    +--+------------------------------+------+---------+---------+
       Total:                         156    0         0      
                                                              
       Stack:                         0      0         512    
       Linker Generated:              0      20        0      
    +--+------------------------------+------+---------+---------+
       Grand Total:                   2336   1004      516    


LINKER GENERATED COPY TABLES

__TI_cinit_table @ 00000d0c records: 1, size/record: 8, table size: 8
	.bss: load addr=00000d00, load size=00000008 bytes, run addr=20000200, run size=00000004 bytes, compression=zero_init


LINKER GENERATED HANDLER TABLE

__TI_handler_table @ 00000d08 records: 1, size/record: 4, table size: 4
	index: 0, handler: __TI_zero_init


GLOBAL SYMBOLS: SORTED ALPHABETICALLY BY Name 

address   name                          
-------   ----                          
00000b8f  C$$EXIT                       
00000b49  CPUcpsie                      
00000a11  GPIODirModeSet                
0000049d  GPIOPadConfigSet              
0000089d  GPIOPinConfigure              
00000b71  GPIOPinRead                   
00000a79  GPIOPinTypeGPIOOutput         
00000acd  GPIOPinTypeUART               
00000b77  GPIOPinWrite                  
000007d5  IntEnable                     
00000af1  IntMasterEnable               
00000b55  ResetISR                      
000005d1  SysCtlClockGet                
000006e1  SysCtlClockSet                
00000b7d  SysCtlDelay                   
000009a9  SysCtlPeripheralEnable        
00000971  SysCtlPeripheralReady         
00000a91  SysTickDisable                
00000aa5  SysTickEnable                 
00000b01  SysTickPeriodSet              
00000385  Timer0IntHandler              
0000083d  TimerConfigure                
00000b11  TimerEnable                   
00000b83  TimerIntClear                 
00000b61  TimerIntEnable                
00000adf  TimerLoadSet                  
00000b1f  UARTCharGetNonBlocking        
00000b2d  UARTCharPutNonBlocking        
00000b3b  UARTCharsAvail                
000008e5  UARTConfigSetExpClk           
00000a3d  UARTDisable                   
00000ab9  UARTEnable                    
00000b87  UARTIntClear                  
00000b69  UARTIntEnable                 
000003ab  UARTIntHandler                
20000200  __STACK_END                   
00000200  __STACK_SIZE                  
20000200  __STACK_TOP                   
00000d0c  __TI_CINIT_Base               
00000d14  __TI_CINIT_Limit              
00000d08  __TI_Handler_Table_Base       
00000d0c  __TI_Handler_Table_Limit      
0000092d  __TI_auto_init_nobinit_nopinit
ffffffff  __TI_pprof_out_hndl           
ffffffff  __TI_prof_data_size           
ffffffff  __TI_prof_data_start          
00000000  __TI_static_base__            
00000a5d  __TI_zero_init_nomemset       
ffffffff  __binit__                     
ffffffff  __c_args__                    
UNDEFED   __mpu_init                    
20000000  __stack                       
20000000  __start___llvm_prf_cnts       
20000000  __stop___llvm_prf_cnts        
000009dd  _c_int00_noargs               
UNDEFED   _system_post_cinit            
00000b8b  _system_pre_init              
00000b8f  abort                         
ffffffff  binit                         
0000033d  delay                         
00000369  delay1ms                      
00000000  g_pfnVectors                  
20000200  i                             
0000026d  main                          
00000275  setup                         


GLOBAL SYMBOLS: SORTED BY Symbol Address 

address   name                          
-------   ----                          
00000000  __TI_static_base__            
00000000  g_pfnVectors                  
00000200  __STACK_SIZE                  
0000026d  main                          
00000275  setup                         
0000033d  delay                         
00000369  delay1ms                      
00000385  Timer0IntHandler              
000003ab  UARTIntHandler                
0000049d  GPIOPadConfigSet              
000005d1  SysCtlClockGet                
000006e1  SysCtlClockSet                
000007d5  IntEnable                     
0000083d  TimerConfigure                
0000089d  GPIOPinConfigure              
000008e5  UARTConfigSetExpClk           
0000092d  __TI_auto_init_nobinit_nopinit
00000971  SysCtlPeripheralReady         
000009a9  SysCtlPeripheralEnable        
000009dd  _c_int00_noargs               
00000a11  GPIODirModeSet                
00000a3d  UARTDisable                   
00000a5d  __TI_zero_init_nomemset       
00000a79  GPIOPinTypeGPIOOutput         
00000a91  SysTickDisable                
00000aa5  SysTickEnable                 
00000ab9  UARTEnable                    
00000acd  GPIOPinTypeUART               
00000adf  TimerLoadSet                  
00000af1  IntMasterEnable               
00000b01  SysTickPeriodSet              
00000b11  TimerEnable                   
00000b1f  UARTCharGetNonBlocking        
00000b2d  UARTCharPutNonBlocking        
00000b3b  UARTCharsAvail                
00000b49  CPUcpsie                      
00000b55  ResetISR                      
00000b61  TimerIntEnable                
00000b69  UARTIntEnable                 
00000b71  GPIOPinRead                   
00000b77  GPIOPinWrite                  
00000b7d  SysCtlDelay                   
00000b83  TimerIntClear                 
00000b87  UARTIntClear                  
00000b8b  _system_pre_init              
00000b8f  C$$EXIT                       
00000b8f  abort                         
00000d08  __TI_Handler_Table_Base       
00000d0c  __TI_CINIT_Base               
00000d0c  __TI_Handler_Table_Limit      
00000d14  __TI_CINIT_Limit              
20000000  __stack                       
20000000  __start___llvm_prf_cnts       
20000000  __stop___llvm_prf_cnts        
20000200  __STACK_END                   
20000200  __STACK_TOP                   
20000200  i                             
ffffffff  __TI_pprof_out_hndl           
ffffffff  __TI_prof_data_size           
ffffffff  __TI_prof_data_start          
ffffffff  __binit__                     
ffffffff  __c_args__                    
ffffffff  binit                         
UNDEFED   __mpu_init                    
UNDEFED   _system_post_cinit            

[65 symbols]
